// Jest Snapshot v1, https://goo.gl/fbAQLP

exports[`<CardList/> should match to snapshot 1`] = `ShallowWrapper {}`;
