// Jest Snapshot v1, https://goo.gl/fbAQLP

exports[`<Loader/> should match to snapshot 1`] = `ShallowWrapper {}`;
