// Jest Snapshot v1, https://goo.gl/fbAQLP

exports[`<Navigation/> should match to snapshot 1`] = `ShallowWrapper {}`;
